byteoversea.com
byteoversea.net
bytecdn.cn
byted.org
bytedanceapi.com
bytedapm.com
ibytedtos.com
ibyteimg.com
ipstatp.com
sgpstatp.com
snssdk.com
isnssdk.com
muscdn.com
musical.ly
musemuse.cn
tik-tokapi.com
tiktok.com
tiktok.net
v.tiktok.com
v.tiktok.net
tiktok.in
tiktok-eu.net
tiktok-row.net
tiktok-us.net
tiktokd.net
tiktokd.org
tiktokcdn.com
tiktokcdn-eu.com
tiktokcdn-eu.net
tiktokcdn-in.com
tiktokcdn-us.com
tiktokeu-cdn.com
tiktokrow-cdn.com
tiktokv.com
tiktokv.eu
tiktokv.us
tiktokw.eu
tiktokw.us
tiktokglobalshopv.com
tiktokshop.com
tiktokstaticb.com
tiktoklb.eu
tiktokpangle.us
tiktokpangle-b.us
tiktokpangle-cdn-us.com
tiktok-minis.com
tiktokminis.us
ttcdn-us.com
ttlivecdn.com
ttoversea.net
ttoverseaus.net
ttwstatic.com
analytics.tiktok.com
