spotify.com
scdn.co
spotifycdn.com
spotifycdn.net
pscdn.co
spoti.fi
spotify-everywhere.com
spotify.design
spotify.link
spotifycharts.com
spotifycodes.com
tospotify.com
byspotify.com
lifeatspotify.com
spotifyforbrands.com
spotifyforvendors.com
spotifyjobs.com
full:audio-ak-spotify-com.akamaized.net
full:audio4-ak-spotify-com.akamaized.net
full:cdn-spotify-experiments.conductrics.com
full:heads-ak-spotify-com.akamaized.net
full:heads4-ak-spotify-com.akamaized.net
full:spotify.com.edgesuite.net
full:spotify.map.fastly.net
full:spotify.map.fastlylb.net
full:adeventtracker.spotify.com
full:adstudio-assets.scdn.co 
full:bloodhound.spotify.com 
