t.me
telegram.org
telegram.me
telegram.dog
telegram.com
telegram.eu
telegram.fr
telegram.de
telegram.ru
telegram.uk
telegram.us
telegram.cn
telegram.jp
telegram.in
telegram.asia
telegram.biz
telegram.cloud
telegram.co
telegram.dev
telegram.host
telegram.info
telegram.io
telegram.net
telegram.qa
telegram.services
telegram.solutions
telegram.space
telegram.team
telegram.tech
telegram.website
telegram.xyz
telegram.ai
telegramapp.org
telegra.ph
telesco.pe
telegra.one
comments.app
fragment.com
graph.org
tdesktop.com
telegramdownload.com
cdn-telegram.org
telegram-cdn.org
tg.dev
tg.org
tgram.org
torg.org
contest.com
quiz.directory
telega.one
tx.me
usercontent.dev
ton.org
